// Jest Snapshot v1, https://goo.gl/fbAQLP

exports[`build no-deps-in-source 1`] = `
"RUNNING: esy config ls
RUNNING: esy build
esy:bin needRebuildTarget <sandbox>/node_modules/.cache/_esy/build/bin/build
esy:bin:esyBuild execute
esy:build-dependencies checking if dependencies are built
esy:shell-builder esyPrepare
esy:shell-builder esyRelocateSource
esy:shell-builder esyRunBuildCommands
esy:shell-builder esyComplete
RUNNING: esy x no-deps-in-source
esy:bin needRebuildTarget <sandbox>/node_modules/.cache/_esy/build/bin/build
esy:build-dependencies checking if dependencies are built
esy:shell-builder esyPrepare
esy:shell-builder esyRelocateSource
esy:shell-builder esyRunBuildCommands
esy:shell-builder esyRunInstallCommands
esy:shell-builder esyComplete"
`;
