// Jest Snapshot v1, https://goo.gl/fbAQLP

exports[`build with-linked-dep 1`] = `
"RUNNING: esy config ls
esy:bin no .esyrc found
esy:bin prefix: <testRoot>/esy
RUNNING: esy build
esy:bin no .esyrc found
esy:bin prefix: <testRoot>/esy
RUNNING: esy dep
esy:bin no .esyrc found
esy:bin prefix: <testRoot>/esy
RUNNING: esy b dep
esy:bin no .esyrc found
esy:bin prefix: <testRoot>/esy
RUNNING: esy x dep
esy:bin no .esyrc found
esy:bin prefix: <testRoot>/esy
RUNNING: esy x with-linked-dep
esy:bin no .esyrc found
esy:bin prefix: <testRoot>/esy
INFO: this SHOULD NOT rebuild dep
RUNNING: esy build
esy:bin no .esyrc found
esy:bin prefix: <testRoot>/esy
INFO: this SHOULD rebuild dep
RUNNING: esy build
esy:bin no .esyrc found
esy:bin prefix: <testRoot>/esy"
`;
