// Jest Snapshot v1, https://goo.gl/fbAQLP

exports[`build sandbox-stress 1`] = `
"RUNNING: esy config ls
esy:bin no .esyrc found
esy:bin prefix: <testRoot>/esy
RUNNING: esy build
esy:bin no .esyrc found
esy:bin prefix: <testRoot>/esy
RUNNING: esy x echo ok
esy:bin no .esyrc found
esy:bin prefix: <testRoot>/esy"
`;
