// Jest Snapshot v1, https://goo.gl/fbAQLP

exports[`build with-dev-dep 1`] = `
"RUNNING: esy config ls
esy:bin no .esyrc found
esy:bin prefix: <testRoot>/esy
RUNNING: esy build
esy:bin no .esyrc found
esy:bin prefix: <testRoot>/esy
RUNNING: esy dep
esy:bin no .esyrc found
esy:bin prefix: <testRoot>/esy
RUNNING: esy b dep
esy:bin no .esyrc found
esy:bin prefix: <testRoot>/esy
RUNNING: esy x dep
esy:bin no .esyrc found
esy:bin prefix: <testRoot>/esy
RUNNING: esy dev-dep
esy:bin no .esyrc found
esy:bin prefix: <testRoot>/esy
esy:bin no .esyrc found
esy:bin prefix: <testRoot>/esy
esy: error, exiting...
esy:bin no .esyrc found
esy:bin prefix: <testRoot>/esy
esy: error, exiting...
RUNNING: esy x with-dev-dep
esy:bin no .esyrc found
esy:bin prefix: <testRoot>/esy"
`;
