// Jest Snapshot v1, https://goo.gl/fbAQLP

exports[`build errorneous-build 1`] = `
"RUNNING: esy config ls
esy:bin needRebuildTarget <sandbox>/node_modules/.cache/_esy/build/bin/build
esy:bin:esyBuild execute
esy:build-dependencies checking if dependencies are built
esy:shell-builder esyPrepare
esy:shell-builder esyRunBuildCommands
esy:shell-builder esyComplete"
`;
