// Jest Snapshot v1, https://goo.gl/fbAQLP

exports[`build no-deps-_build 1`] = `
"RUNNING: esy config ls
esy:bin no .esyrc found
esy:bin prefix: <testRoot>/esy
RUNNING: esy build
esy:bin no .esyrc found
esy:bin prefix: <testRoot>/esy
RUNNING: ls
RUNNING: ls _build
RUNNING: esy x no-deps-_build
esy:bin no .esyrc found
esy:bin prefix: <testRoot>/esy
RUNNING: esy x no-deps-_build
esy:bin no .esyrc found
esy:bin prefix: <testRoot>/esy"
`;
