// Jest Snapshot v1, https://goo.gl/fbAQLP

exports[`build custom-prefix 1`] = `
"RUNNING: esy config ls
esy:bin using <sandbox>/.esyrc
esy:bin prefix: <testRoot>/esy
RUNNING: esy build
esy:bin using <sandbox>/.esyrc
esy:bin prefix: <testRoot>/project/store
RUNNING: esy x custom-prefix
esy:bin using <sandbox>/.esyrc
esy:bin prefix: <testRoot>/project/store"
`;
