// Jest Snapshot v1, https://goo.gl/fbAQLP

exports[`build with-dep-_build 1`] = `
"RUNNING: esy config ls
esy:bin no .esyrc found
esy:bin prefix: <testRoot>/esy
RUNNING: esy build
esy:bin no .esyrc found
esy:bin prefix: <testRoot>/esy
RUNNING: esy dep
esy:bin no .esyrc found
esy:bin prefix: <testRoot>/esy
RUNNING: esy b dep
esy:bin no .esyrc found
esy:bin prefix: <testRoot>/esy
RUNNING: esy x dep
esy:bin no .esyrc found
esy:bin prefix: <testRoot>/esy
RUNNING: esy x with-dep-_build
esy:bin no .esyrc found
esy:bin prefix: <testRoot>/esy"
`;
